
> frontend@0.1.0 dev
> next dev

▲ Next.js 16.1.6 (Turbopack)
- Local:         http://localhost:3000
- Network:       http://192.168.1.106:3000
- Environments: .env.local, .env

✓ Starting...
✓ Ready in 1134ms
[SOCKET] Connected to server
 GET / 200 in 590ms (compile: 360ms, render: 230ms)
 GET /firebase-messaging-sw.js 404 in 97ms (compile: 70ms, render: 26ms)
 GET /monitoring/live 200 in 144ms (compile: 130ms, render: 14ms)
 GET /login 200 in 138ms (compile: 103ms, render: 36ms)
 GET /login 200 in 18ms (compile: 6ms, render: 12ms)
 GET / 200 in 36ms (compile: 16ms, render: 20ms)
 GET /monitoring/live 200 in 40ms (compile: 17ms, render: 23ms)
 GET / 200 in 31ms (compile: 14ms, render: 17ms)
 GET /login 200 in 61ms (compile: 13ms, render: 48ms)
 GET /login 200 in 24ms (compile: 8ms, render: 15ms)
 GET / 200 in 30ms (compile: 14ms, render: 16ms)
 GET / 200 in 139ms (compile: 98ms, render: 41ms)
 GET / 200 in 45ms (compile: 6ms, render: 39ms)
 GET / 200 in 41ms (compile: 5ms, render: 36ms)
 GET / 200 in 53ms (compile: 5ms, render: 49ms)
 GET / 200 in 40ms (compile: 5ms, render: 35ms)
 GET / 200 in 53ms (compile: 5ms, render: 48ms)
 GET / 200 in 40ms (compile: 5ms, render: 35ms)
 GET / 200 in 41ms (compile: 5ms, render: 36ms)
 GET / 200 in 41ms (compile: 5ms, render: 36ms)
 GET / 200 in 41ms (compile: 5ms, render: 37ms)
 GET / 200 in 41ms (compile: 6ms, render: 36ms)
 GET / 200 in 39ms (compile: 5ms, render: 35ms)
 GET / 200 in 27ms (compile: 5ms, render: 21ms)
 GET / 200 in 28ms (compile: 5ms, render: 24ms)
 GET / 200 in 43ms (compile: 6ms, render: 37ms)
 GET / 200 in 43ms (compile: 6ms, render: 37ms)
 GET / 200 in 43ms (compile: 4ms, render: 39ms)
 GET / 200 in 46ms (compile: 6ms, render: 41ms)
 GET / 200 in 45ms (compile: 6ms, render: 39ms)
 GET / 200 in 42ms (compile: 7ms, render: 36ms)
 GET / 200 in 27ms (compile: 6ms, render: 21ms)
 GET / 200 in 28ms (compile: 5ms, render: 23ms)
 GET / 200 in 43ms (compile: 6ms, render: 38ms)
 GET / 200 in 30ms (compile: 7ms, render: 22ms)
 GET / 200 in 14ms (compile: 5ms, render: 9ms)
 GET / 200 in 29ms (compile: 6ms, render: 24ms)
 GET / 200 in 16ms (compile: 6ms, render: 10ms)
 GET / 200 in 26ms (compile: 6ms, render: 20ms)
 GET / 200 in 12ms (compile: 4ms, render: 7ms)
 GET / 200 in 22ms (compile: 5ms, render: 17ms)
 GET / 200 in 26ms (compile: 4ms, render: 22ms)
 GET / 200 in 26ms (compile: 7ms, render: 19ms)
 GET / 200 in 11ms (compile: 4ms, render: 7ms)
 GET / 200 in 24ms (compile: 5ms, render: 19ms)
 GET / 200 in 47ms (compile: 4ms, render: 43ms)
 GET / 200 in 50ms (compile: 5ms, render: 44ms)
 GET / 200 in 36ms (compile: 5ms, render: 31ms)
 GET / 200 in 15ms (compile: 6ms, render: 10ms)
 GET / 200 in 25ms (compile: 5ms, render: 20ms)
 GET / 200 in 14ms (compile: 5ms, render: 8ms)
 GET / 200 in 26ms (compile: 6ms, render: 20ms)
 GET / 200 in 13ms (compile: 5ms, render: 8ms)
 GET / 200 in 25ms (compile: 5ms, render: 20ms)
 GET / 200 in 39ms (compile: 5ms, render: 34ms)
 GET / 200 in 28ms (compile: 6ms, render: 22ms)
 GET / 200 in 14ms (compile: 6ms, render: 8ms)
 GET / 200 in 30ms (compile: 8ms, render: 22ms)
 GET / 200 in 43ms (compile: 7ms, render: 37ms)
 GET / 200 in 44ms (compile: 6ms, render: 38ms)
 GET / 200 in 44ms (compile: 6ms, render: 38ms)
 GET / 200 in 31ms (compile: 7ms, render: 24ms)
 GET / 200 in 44ms (compile: 7ms, render: 36ms)
 GET / 200 in 42ms (compile: 7ms, render: 35ms)
 GET / 200 in 41ms (compile: 5ms, render: 36ms)
 GET / 200 in 29ms (compile: 5ms, render: 23ms)
 GET / 200 in 16ms (compile: 7ms, render: 9ms)
 GET / 200 in 40ms (compile: 7ms, render: 34ms)
 GET / 200 in 48ms (compile: 4ms, render: 44ms)
 GET / 200 in 47ms (compile: 3ms, render: 44ms)
 GET / 200 in 37ms (compile: 5ms, render: 32ms)
 GET / 200 in 36ms (compile: 4ms, render: 32ms)
 GET / 200 in 35ms (compile: 4ms, render: 31ms)
 GET / 200 in 36ms (compile: 4ms, render: 32ms)
 GET / 200 in 46ms (compile: 5ms, render: 41ms)
 GET / 200 in 45ms (compile: 6ms, render: 40ms)
 GET / 200 in 46ms (compile: 4ms, render: 41ms)
 GET / 200 in 36ms (compile: 5ms, render: 31ms)
 GET / 200 in 37ms (compile: 5ms, render: 32ms)
 GET / 200 in 38ms (compile: 6ms, render: 32ms)
 GET / 200 in 36ms (compile: 4ms, render: 32ms)
 GET / 200 in 50ms (compile: 4ms, render: 45ms)
 GET / 200 in 38ms (compile: 5ms, render: 33ms)
 GET / 200 in 38ms (compile: 5ms, render: 34ms)
 GET / 200 in 38ms (compile: 4ms, render: 33ms)
 GET / 200 in 40ms (compile: 5ms, render: 35ms)
 GET / 200 in 52ms (compile: 5ms, render: 48ms)
 GET / 200 in 53ms (compile: 5ms, render: 48ms)
 GET / 200 in 39ms (compile: 5ms, render: 35ms)
 GET / 200 in 48ms (compile: 5ms, render: 43ms)
 GET / 200 in 44ms (compile: 5ms, render: 39ms)
 GET / 200 in 42ms (compile: 7ms, render: 35ms)
 GET / 200 in 32ms (compile: 4ms, render: 28ms)
 GET / 200 in 53ms (compile: 4ms, render: 49ms)
 GET / 200 in 52ms (compile: 3ms, render: 48ms)
 GET / 200 in 49ms (compile: 3ms, render: 46ms)
 GET / 200 in 39ms (compile: 4ms, render: 35ms)
 GET / 200 in 26ms (compile: 3ms, render: 23ms)
 GET / 200 in 26ms (compile: 3ms, render: 23ms)
 GET / 200 in 29ms (compile: 3ms, render: 27ms)
 GET / 200 in 32ms (compile: 3ms, render: 30ms)
 GET / 200 in 36ms (compile: 5ms, render: 30ms)
 GET / 200 in 38ms (compile: 5ms, render: 34ms)
 GET / 200 in 39ms (compile: 6ms, render: 33ms)
 GET / 200 in 39ms (compile: 6ms, render: 33ms)
 GET / 200 in 37ms (compile: 4ms, render: 33ms)
 GET / 200 in 42ms (compile: 5ms, render: 37ms)
 GET / 200 in 42ms (compile: 5ms, render: 37ms)
 GET / 200 in 43ms (compile: 6ms, render: 37ms)
 GET / 200 in 41ms (compile: 5ms, render: 36ms)
 GET / 200 in 29ms (compile: 6ms, render: 23ms)
 GET / 200 in 15ms (compile: 5ms, render: 9ms)
[SOCKET] Connected to server
 GET / 200 in 141ms (compile: 11ms, render: 130ms)
 GET /login 200 in 65ms (compile: 23ms, render: 42ms)
 GET /login 200 in 24ms (compile: 8ms, render: 16ms)
 GET /firebase-messaging-sw.js 404 in 90ms (compile: 54ms, render: 37ms)
 GET / 200 in 44ms (compile: 21ms, render: 24ms)
 GET /customer/datasheets 200 in 944ms (compile: 920ms, render: 23ms)
 GET /firebase-messaging-sw.js 404 in 44ms (compile: 11ms, render: 33ms)
 GET /customer?cat=voltage 200 in 803ms (compile: 790ms, render: 13ms)
 GET /customer?cat=current 200 in 22ms (compile: 8ms, render: 14ms)
 GET /customer/reports 404 in 30ms (compile: 12ms, render: 18ms)
 GET /customer/reports 404 in 32ms (compile: 8ms, render: 24ms)
 GET /firebase-messaging-sw.js 404 in 48ms (compile: 14ms, render: 34ms)
 GET /customer?cat=current 200 in 124ms (compile: 13ms, render: 111ms)
 GET /firebase-messaging-sw.js 404 in 29ms (compile: 10ms, render: 19ms)
✓ Compiled in 39ms
✓ Compiled in 38ms
[SOCKET] Connected to server
 GET /customer?cat=current 200 in 238ms (compile: 85ms, render: 153ms)
 GET /firebase-messaging-sw.js 404 in 47ms (compile: 14ms, render: 33ms)
 GET /customer?cat=voltage 200 in 27ms (compile: 9ms, render: 18ms)
✓ Compiled in 135ms
✓ Compiled in 83ms
 GET /customer?cat=voltage 200 in 42ms (compile: 12ms, render: 30ms)
 GET /firebase-messaging-sw.js 404 in 36ms (compile: 16ms, render: 19ms)
 GET /customer?cat=energy 200 in 27ms (compile: 9ms, render: 18ms)
 GET /customer?cat=power 200 in 30ms (compile: 10ms, render: 20ms)
 GET /customer?cat=power 200 in 27ms (compile: 9ms, render: 18ms)
 GET /customer?cat=current 200 in 19ms (compile: 6ms, render: 12ms)
 GET /customer?cat=voltage 200 in 26ms (compile: 10ms, render: 16ms)
✓ Compiled in 139ms
 GET /customer?cat=current 200 in 122ms (compile: 93ms, render: 29ms)
 GET /customer?cat=voltage 200 in 25ms (compile: 8ms, render: 16ms)
 GET /monitoring/live 200 in 53ms (compile: 36ms, render: 17ms)
[SOCKET] Connected to server
 GET /customer?cat=voltage 200 in 198ms (compile: 12ms, render: 185ms)
 GET /firebase-messaging-sw.js 404 in 35ms (compile: 16ms, render: 19ms)
 GET /customer?cat=current 200 in 33ms (compile: 16ms, render: 16ms)
 GET /customer?cat=power 200 in 23ms (compile: 13ms, render: 10ms)
 GET /customer?cat=quality 200 in 26ms (compile: 10ms, render: 16ms)
 GET /customer?cat=system 200 in 27ms (compile: 13ms, render: 13ms)
✓ Compiled in 108ms
[SOCKET] Connected to server
 GET /customer?cat=system 200 in 248ms (compile: 84ms, render: 164ms)
 GET /firebase-messaging-sw.js 404 in 35ms (compile: 15ms, render: 20ms)
 GET /customer?cat=voltage 200 in 31ms (compile: 13ms, render: 17ms)
✓ Compiled in 84ms
 GET /customer?cat=current 200 in 99ms (compile: 81ms, render: 18ms)
 GET /customer?cat=power 200 in 28ms (compile: 11ms, render: 18ms)
✓ Compiled in 110ms
[SOCKET] Connected to server
 GET /customer?cat=power 200 in 254ms (compile: 82ms, render: 171ms)
 GET /firebase-messaging-sw.js 404 in 30ms (compile: 12ms, render: 19ms)
 GET /customer?cat=quality 200 in 27ms (compile: 11ms, render: 16ms)
 GET /customer?cat=system 200 in 26ms (compile: 10ms, render: 16ms)
✓ Compiled in 87ms
 GET /customer?cat=current 200 in 105ms (compile: 81ms, render: 24ms)
 GET /customer?cat=voltage 200 in 31ms (compile: 12ms, render: 19ms)
✓ Compiled in 82ms
[SOCKET] Connected to server
 GET /customer?cat=voltage 200 in 237ms (compile: 68ms, render: 169ms)
 GET /firebase-messaging-sw.js 404 in 27ms (compile: 13ms, render: 15ms)
✓ Compiled in 125ms
 GET /customer?cat=current 200 in 97ms (compile: 74ms, render: 23ms)
 GET /customer?cat=power 200 in 28ms (compile: 11ms, render: 17ms)
 GET /customer?cat=quality 200 in 25ms (compile: 11ms, render: 14ms)
 GET /customer?cat=system 200 in 18ms (compile: 8ms, render: 11ms)
 GET /customer/reports 404 in 36ms (compile: 22ms, render: 14ms)
 GET /customer/reports 404 in 31ms (compile: 9ms, render: 22ms)
 GET /firebase-messaging-sw.js 404 in 26ms (compile: 8ms, render: 17ms)
[SOCKET] Connected to server
 GET /customer?cat=system 200 in 183ms (compile: 11ms, render: 172ms)
 GET /customer/logs 404 in 21ms (compile: 10ms, render: 11ms)
 GET /customer/logs 404 in 22ms (compile: 7ms, render: 15ms)
 GET /firebase-messaging-sw.js 404 in 24ms (compile: 7ms, render: 17ms)
 GET /customer?cat=system 200 in 36ms (compile: 9ms, render: 27ms)
 GET /firebase-messaging-sw.js 404 in 19ms (compile: 5ms, render: 14ms)
 GET /customer/datasheets 200 in 86ms (compile: 62ms, render: 24ms)
 GET /firebase-messaging-sw.js 404 in 38ms (compile: 13ms, render: 25ms)
 GET /datasheets/points?profileId=4ae58576-7eec-44d1-90b5-e80bcb994d37&protocolType=MODBUS 404 in 30ms (compile: 11ms, render: 18ms)
 GET /datasheets/points?profileId=4ae58576-7eec-44d1-90b5-e80bcb994d37&protocolType=MODBUS 404 in 26ms (compile: 7ms, render: 19ms)
 GET /firebase-messaging-sw.js 404 in 40ms (compile: 15ms, render: 25ms)
 GET /customer/datasheets 200 in 122ms (compile: 11ms, render: 111ms)
 GET /firebase-messaging-sw.js 404 in 37ms (compile: 14ms, render: 23ms)
✓ Compiled in 79ms
 GET /customer?cat=voltage 200 in 140ms (compile: 120ms, render: 20ms)
 GET /customer?cat=current 200 in 30ms (compile: 10ms, render: 21ms)
 GET /customer?cat=power 200 in 36ms (compile: 13ms, render: 24ms)
 GET /customer?cat=energy 200 in 30ms (compile: 13ms, render: 17ms)
 GET /customer?cat=quality 200 in 26ms (compile: 11ms, render: 15ms)
 GET /customer?cat=system 200 in 32ms (compile: 12ms, render: 20ms)
 GET /customer?cat=voltage 200 in 22ms (compile: 11ms, render: 11ms)
 GET /customer?cat=current 200 in 20ms (compile: 9ms, render: 11ms)
 GET /customer?cat=power 200 in 36ms (compile: 14ms, render: 22ms)
✓ Compiled in 113ms
 GET /customer?cat=energy 200 in 85ms (compile: 62ms, render: 23ms)
 GET /customer?cat=quality 200 in 27ms (compile: 11ms, render: 17ms)
 GET /customer?cat=system 200 in 26ms (compile: 10ms, render: 16ms)
 GET /customer?cat=voltage 200 in 32ms (compile: 15ms, render: 17ms)
 GET /customer?cat=current 200 in 24ms (compile: 11ms, render: 13ms)
 GET /customer?cat=current 200 in 22ms (compile: 8ms, render: 13ms)
 GET /customer?cat=power 200 in 25ms (compile: 10ms, render: 15ms)
 GET /customer?cat=quality 200 in 26ms (compile: 12ms, render: 14ms)
 GET /customer?cat=system 200 in 30ms (compile: 11ms, render: 20ms)
 GET /customer?cat=voltage 200 in 31ms (compile: 12ms, render: 19ms)
 GET /customer?cat=current 200 in 21ms (compile: 8ms, render: 13ms)
 GET /customer?cat=power 200 in 27ms (compile: 11ms, render: 16ms)
✓ Compiled in 115ms
 GET /customer?cat=voltage 200 in 114ms (compile: 86ms, render: 27ms)
✓ Compiled in 151ms
✓ Compiled in 54ms
 GET /monitoring/live 200 in 30ms (compile: 13ms, render: 17ms)
⚠ Fast Refresh had to perform a full reload due to a runtime error.
[SOCKET] Connected to server
 GET /customer?cat=voltage 200 in 432ms (compile: 178ms, render: 254ms)
 GET /firebase-messaging-sw.js 404 in 30ms (compile: 15ms, render: 16ms)
✓ Compiled in 49ms
 GET /customer?cat=current 200 in 116ms (compile: 89ms, render: 26ms)
 GET /customer?cat=power 200 in 29ms (compile: 13ms, render: 16ms)
 GET /customer?cat=energy 200 in 21ms (compile: 9ms, render: 12ms)
 GET /customer?cat=quality 200 in 24ms (compile: 10ms, render: 15ms)
 GET /customer?cat=system 200 in 30ms (compile: 12ms, render: 18ms)
 GET /customer?cat=voltage 200 in 27ms (compile: 11ms, render: 16ms)
✓ Compiled in 49ms
 GET /customer?cat=current 200 in 102ms (compile: 83ms, render: 18ms)
 GET /customer?cat=power 200 in 28ms (compile: 10ms, render: 19ms)
 GET /customer?cat=energy 200 in 36ms (compile: 14ms, render: 21ms)
 GET /customer?cat=quality 200 in 35ms (compile: 14ms, render: 21ms)
 GET /customer?cat=system 200 in 20ms (compile: 7ms, render: 13ms)
 GET /customer?cat=voltage 200 in 30ms (compile: 15ms, render: 15ms)
✓ Compiled in 125ms
✓ Compiled in 63ms
 GET /customer?cat=voltage 200 in 106ms (compile: 79ms, render: 27ms)
 GET /customer?cat=current 200 in 27ms (compile: 9ms, render: 18ms)
 GET /customer?cat=power 200 in 24ms (compile: 9ms, render: 15ms)
 GET /customer?cat=energy 200 in 24ms (compile: 10ms, render: 15ms)
 GET /customer?cat=quality 200 in 28ms (compile: 12ms, render: 16ms)
 GET /customer?cat=system 200 in 25ms (compile: 11ms, render: 14ms)
 GET /customer?cat=voltage 200 in 21ms (compile: 9ms, render: 12ms)
 GET /customer?cat=current 200 in 24ms (compile: 9ms, render: 15ms)
✓ Compiled in 53ms
 GET /customer?cat=voltage 200 in 100ms (compile: 81ms, render: 19ms)
 GET /customer?cat=voltage 200 in 26ms (compile: 9ms, render: 17ms)
 GET /customer?cat=current 200 in 24ms (compile: 10ms, render: 14ms)
 GET /customer?cat=voltage 200 in 18ms (compile: 7ms, render: 11ms)
✓ Compiled in 131ms
✓ Compiled in 68ms
✓ Compiled in 146ms
 GET /customer?cat=current 200 in 151ms (compile: 107ms, render: 44ms)
 GET /customer?cat=current 200 in 27ms (compile: 11ms, render: 15ms)
 GET /customer?cat=power 200 in 20ms (compile: 6ms, render: 15ms)
 GET /customer?cat=voltage 200 in 43ms (compile: 23ms, render: 19ms)
✓ Compiled in 123ms
✓ Compiled in 153ms
 GET /customer?cat=current 200 in 105ms (compile: 85ms, render: 20ms)
 GET /customer?cat=power 200 in 26ms (compile: 9ms, render: 17ms)
 GET /customer?cat=energy 200 in 24ms (compile: 9ms, render: 15ms)
 GET /customer?cat=voltage 200 in 23ms (compile: 8ms, render: 15ms)
✓ Compiled in 165ms
 GET /monitoring/live 200 in 27ms (compile: 9ms, render: 18ms)
 GET /customer?cat=voltage 200 in 96ms (compile: 74ms, render: 22ms)
 GET /customer?cat=current 200 in 219ms (compile: 72ms, render: 147ms)
 GET /customer?cat=voltage 200 in 32ms (compile: 10ms, render: 22ms)
